
   FAIL  Tests\Feature\FullSystemTest
  Γ¿» full vendor onboarΓÇª 0.53s  
  ΓöÇΓöÇΓöÇΓöÇΓöÇΓöÇΓöÇΓöÇΓöÇΓöÇΓöÇΓöÇΓöÇΓöÇΓöÇΓöÇΓöÇΓöÇΓöÇΓöÇΓöÇΓöÇΓöÇΓöÇΓöÇΓöÇΓöÇ  
   FAILED  TestsΓÇª  Exception   
  No notifiable given.

  at vendor\laravel\framework\src\Illuminate\Support\Testing\Fakes\NotificationFake.php:71
     67Γûò     public function assertSentTo($notifiable, $notification, $callback = null)
     68Γûò     {
     69Γûò         if (is_array($notifiable) || $notifiable instanceof Collection) {
     70Γûò             if (count($notifiable) === 0) {
  Γ₧£  71Γûò                 throw new Exception('No notifiable given.');
     72Γûò             }
     73Γûò 
     74Γûò             foreach ($notifiable as $singleNotifiable) {
     75Γûò                 $this->assertSentTo($singleNotifiable, $notification, $callback);

  1   vendor\laravel\framework\src\Illuminate\Support\Testing\Fakes\NotificationFake.php:71
  2   vendor\laravel\framework\src\Illuminate\Support\Facades\Facade.php:363


  Tests:    1 failed (10 assertions)
  Duration: 0.68s

